-55
-2
-55
-2
-55
-2
-55
-2
-55
-2
-55
-2
-55
-2
-55
-2
-55
-2
-55
-2
-55
-2
-55
-2
-55
-2
-55
-2
-55
-2
